Archive member included because of file (symbol)

c:/freescale/kds_v3/toolchain/bin/../lib/gcc/arm-none-eabi/4.8.4/armv6-m\libgcc.a(_udivsi3.o)
                              ./Project_Settings/Startup_Code/system_MKL25Z4.o (__aeabi_uidiv)
c:/freescale/kds_v3/toolchain/bin/../lib/gcc/arm-none-eabi/4.8.4/armv6-m\libgcc.a(_dvmd_tls.o)
                              c:/freescale/kds_v3/toolchain/bin/../lib/gcc/arm-none-eabi/4.8.4/armv6-m\libgcc.a(_udivsi3.o) (__aeabi_idiv0)
c:/freescale/kds_v3/toolchain/bin/../lib/gcc/arm-none-eabi/4.8.4/armv6-m\libgcc.a(_fixunssfsi.o)
                              ./Sources/main.o (__aeabi_f2uiz)
c:/freescale/kds_v3/toolchain/bin/../lib/gcc/arm-none-eabi/4.8.4/armv6-m\libgcc.a(divsf3.o)
                              ./Sources/main.o (__aeabi_fdiv)
c:/freescale/kds_v3/toolchain/bin/../lib/gcc/arm-none-eabi/4.8.4/armv6-m\libgcc.a(subsf3.o)
                              ./Sources/main.o (__aeabi_fsub)
c:/freescale/kds_v3/toolchain/bin/../lib/gcc/arm-none-eabi/4.8.4/armv6-m\libgcc.a(fixsfsi.o)
                              ./Sources/main.o (__aeabi_f2iz)
c:/freescale/kds_v3/toolchain/bin/../lib/gcc/arm-none-eabi/4.8.4/armv6-m\libgcc.a(floatsisf.o)
                              ./Sources/main.o (__aeabi_i2f)
c:/freescale/kds_v3/toolchain/bin/../lib/gcc/arm-none-eabi/4.8.4/armv6-m\libgcc.a(muldf3.o)
                              ./Sources/main.o (__aeabi_dmul)
c:/freescale/kds_v3/toolchain/bin/../lib/gcc/arm-none-eabi/4.8.4/armv6-m\libgcc.a(fixdfsi.o)
                              ./Sources/main.o (__aeabi_d2iz)
c:/freescale/kds_v3/toolchain/bin/../lib/gcc/arm-none-eabi/4.8.4/armv6-m\libgcc.a(floatsidf.o)
                              ./Sources/main.o (__aeabi_i2d)
c:/freescale/kds_v3/toolchain/bin/../lib/gcc/arm-none-eabi/4.8.4/armv6-m\libgcc.a(_arm_cmpsf2.o)
                              c:/freescale/kds_v3/toolchain/bin/../lib/gcc/arm-none-eabi/4.8.4/armv6-m\libgcc.a(_fixunssfsi.o) (__aeabi_fcmpge)
c:/freescale/kds_v3/toolchain/bin/../lib/gcc/arm-none-eabi/4.8.4/armv6-m\libgcc.a(_clzsi2.o)
                              c:/freescale/kds_v3/toolchain/bin/../lib/gcc/arm-none-eabi/4.8.4/armv6-m\libgcc.a(divsf3.o) (__clzsi2)
c:/freescale/kds_v3/toolchain/bin/../lib/gcc/arm-none-eabi/4.8.4/armv6-m\libgcc.a(eqsf2.o)
                              c:/freescale/kds_v3/toolchain/bin/../lib/gcc/arm-none-eabi/4.8.4/armv6-m\libgcc.a(_arm_cmpsf2.o) (__eqsf2)
c:/freescale/kds_v3/toolchain/bin/../lib/gcc/arm-none-eabi/4.8.4/armv6-m\libgcc.a(gesf2.o)
                              c:/freescale/kds_v3/toolchain/bin/../lib/gcc/arm-none-eabi/4.8.4/armv6-m\libgcc.a(_arm_cmpsf2.o) (__gesf2)
c:/freescale/kds_v3/toolchain/bin/../lib/gcc/arm-none-eabi/4.8.4/armv6-m\libgcc.a(lesf2.o)
                              c:/freescale/kds_v3/toolchain/bin/../lib/gcc/arm-none-eabi/4.8.4/armv6-m\libgcc.a(_arm_cmpsf2.o) (__lesf2)
c:/freescale/kds_v3/toolchain/bin/../lib/gcc/arm-none-eabi/4.8.4/../../../../arm-none-eabi/lib/armv6-m\libg_s.a(lib_a-exit.o)
                              c:/freescale/kds_v3/toolchain/bin/../lib/gcc/arm-none-eabi/4.8.4/../../../../arm-none-eabi/lib/armv6-m/crt0.o (exit)
c:/freescale/kds_v3/toolchain/bin/../lib/gcc/arm-none-eabi/4.8.4/../../../../arm-none-eabi/lib/armv6-m\libg_s.a(lib_a-impure.o)
                              c:/freescale/kds_v3/toolchain/bin/../lib/gcc/arm-none-eabi/4.8.4/../../../../arm-none-eabi/lib/armv6-m\libg_s.a(lib_a-exit.o) (_global_impure_ptr)
c:/freescale/kds_v3/toolchain/bin/../lib/gcc/arm-none-eabi/4.8.4/../../../../arm-none-eabi/lib/armv6-m\libg_s.a(lib_a-init.o)
                              c:/freescale/kds_v3/toolchain/bin/../lib/gcc/arm-none-eabi/4.8.4/../../../../arm-none-eabi/lib/armv6-m/crt0.o (__libc_init_array)
c:/freescale/kds_v3/toolchain/bin/../lib/gcc/arm-none-eabi/4.8.4/../../../../arm-none-eabi/lib/armv6-m\libg_s.a(lib_a-memset.o)
                              c:/freescale/kds_v3/toolchain/bin/../lib/gcc/arm-none-eabi/4.8.4/../../../../arm-none-eabi/lib/armv6-m/crt0.o (memset)
c:/freescale/kds_v3/toolchain/bin/../lib/gcc/arm-none-eabi/4.8.4/../../../../arm-none-eabi/lib/armv6-m\libnosys.a(_exit.o)
                              c:/freescale/kds_v3/toolchain/bin/../lib/gcc/arm-none-eabi/4.8.4/../../../../arm-none-eabi/lib/armv6-m\libg_s.a(lib_a-exit.o) (_exit)

Discarded input sections

 .text          0x00000000        0x0 c:/freescale/kds_v3/toolchain/bin/../lib/gcc/arm-none-eabi/4.8.4/armv6-m/crti.o
 .data          0x00000000        0x0 c:/freescale/kds_v3/toolchain/bin/../lib/gcc/arm-none-eabi/4.8.4/armv6-m/crti.o
 .bss           0x00000000        0x0 c:/freescale/kds_v3/toolchain/bin/../lib/gcc/arm-none-eabi/4.8.4/armv6-m/crti.o
 .data          0x00000000        0x4 c:/freescale/kds_v3/toolchain/bin/../lib/gcc/arm-none-eabi/4.8.4/armv6-m/crtbegin.o
 .data          0x00000000        0x0 c:/freescale/kds_v3/toolchain/bin/../lib/gcc/arm-none-eabi/4.8.4/../../../../arm-none-eabi/lib/armv6-m/crt0.o
 .bss           0x00000000        0x0 c:/freescale/kds_v3/toolchain/bin/../lib/gcc/arm-none-eabi/4.8.4/../../../../arm-none-eabi/lib/armv6-m/crt0.o
 .ARM.extab     0x00000000        0x0 c:/freescale/kds_v3/toolchain/bin/../lib/gcc/arm-none-eabi/4.8.4/../../../../arm-none-eabi/lib/armv6-m/crt0.o
 .group         0x00000000        0x8 ./Sources/ADC.o
 .group         0x00000000        0x8 ./Sources/ADC.o
 .group         0x00000000        0x8 ./Sources/ADC.o
 .group         0x00000000        0x8 ./Sources/ADC.o
 .group         0x00000000        0x8 ./Sources/ADC.o
 .group         0x00000000        0x8 ./Sources/ADC.o
 .group         0x00000000        0x8 ./Sources/ADC.o
 .group         0x00000000        0x8 ./Sources/ADC.o
 .group         0x00000000        0x8 ./Sources/ADC.o
 .group         0x00000000        0x8 ./Sources/ADC.o
 .group         0x00000000        0x8 ./Sources/ADC.o
 .text          0x00000000        0x0 ./Sources/ADC.o
 .data          0x00000000        0x0 ./Sources/ADC.o
 .bss           0x00000000        0x0 ./Sources/ADC.o
 .bss.i         0x00000000        0x4 ./Sources/ADC.o
 .group         0x00000000        0x8 ./Sources/capacitive_touch.o
 .group         0x00000000        0x8 ./Sources/capacitive_touch.o
 .group         0x00000000        0x8 ./Sources/capacitive_touch.o
 .group         0x00000000        0x8 ./Sources/capacitive_touch.o
 .group         0x00000000        0x8 ./Sources/capacitive_touch.o
 .group         0x00000000        0x8 ./Sources/capacitive_touch.o
 .group         0x00000000        0x8 ./Sources/capacitive_touch.o
 .group         0x00000000        0x8 ./Sources/capacitive_touch.o
 .group         0x00000000        0x8 ./Sources/capacitive_touch.o
 .group         0x00000000        0x8 ./Sources/capacitive_touch.o
 .group         0x00000000        0x8 ./Sources/capacitive_touch.o
 .group         0x00000000        0x8 ./Sources/capacitive_touch.o
 .group         0x00000000        0x8 ./Sources/capacitive_touch.o
 .group         0x00000000        0x8 ./Sources/capacitive_touch.o
 .group         0x00000000        0x8 ./Sources/capacitive_touch.o
 .group         0x00000000        0x8 ./Sources/capacitive_touch.o
 .group         0x00000000        0x8 ./Sources/capacitive_touch.o
 .group         0x00000000        0x8 ./Sources/capacitive_touch.o
 .group         0x00000000        0x8 ./Sources/capacitive_touch.o
 .group         0x00000000        0x8 ./Sources/capacitive_touch.o
 .group         0x00000000        0x8 ./Sources/capacitive_touch.o
 .group         0x00000000        0x8 ./Sources/capacitive_touch.o
 .text          0x00000000        0x0 ./Sources/capacitive_touch.o
 .data          0x00000000        0x0 ./Sources/capacitive_touch.o
 .bss           0x00000000        0x0 ./Sources/capacitive_touch.o
 .bss.i         0x00000000        0x4 ./Sources/capacitive_touch.o
 .debug_macro   0x00000000      0x802 ./Sources/capacitive_touch.o
 .debug_macro   0x00000000       0x16 ./Sources/capacitive_touch.o
 .debug_macro   0x00000000       0x16 ./Sources/capacitive_touch.o
 .debug_macro   0x00000000       0x44 ./Sources/capacitive_touch.o
 .debug_macro   0x00000000      0x209 ./Sources/capacitive_touch.o
 .debug_macro   0x00000000       0x3a ./Sources/capacitive_touch.o
 .debug_macro   0x00000000       0x3a ./Sources/capacitive_touch.o
 .debug_macro   0x00000000       0x26 ./Sources/capacitive_touch.o
 .debug_macro   0x00000000      0x306 ./Sources/capacitive_touch.o
 .debug_macro   0x00000000       0x63 ./Sources/capacitive_touch.o
 .debug_macro   0x00000000     0x839f ./Sources/capacitive_touch.o
 .group         0x00000000        0x8 ./Sources/main.o
 .group         0x00000000        0x8 ./Sources/main.o
 .group         0x00000000        0x8 ./Sources/main.o
 .group         0x00000000        0x8 ./Sources/main.o
 .group         0x00000000        0x8 ./Sources/main.o
 .group         0x00000000        0x8 ./Sources/main.o
 .group         0x00000000        0x8 ./Sources/main.o
 .group         0x00000000        0x8 ./Sources/main.o
 .group         0x00000000        0x8 ./Sources/main.o
 .group         0x00000000        0x8 ./Sources/main.o
 .group         0x00000000        0x8 ./Sources/main.o
 .group         0x00000000        0x8 ./Sources/main.o
 .group         0x00000000        0x8 ./Sources/main.o
 .group         0x00000000        0x8 ./Sources/main.o
 .group         0x00000000        0x8 ./Sources/main.o
 .group         0x00000000        0x8 ./Sources/main.o
 .group         0x00000000        0x8 ./Sources/main.o
 .group         0x00000000        0x8 ./Sources/main.o
 .group         0x00000000        0x8 ./Sources/main.o
 .group         0x00000000        0x8 ./Sources/main.o
 .group         0x00000000        0x8 ./Sources/main.o
 .group         0x00000000        0x8 ./Sources/main.o
 .group         0x00000000        0x8 ./Sources/main.o
 .group         0x00000000        0x8 ./Sources/main.o
 .group         0x00000000        0x8 ./Sources/main.o
 .group         0x00000000        0x8 ./Sources/main.o
 .group         0x00000000        0x8 ./Sources/main.o
 .group         0x00000000        0x8 ./Sources/main.o
 .group         0x00000000        0x8 ./Sources/main.o
 .text          0x00000000        0x0 ./Sources/main.o
 .data          0x00000000        0x0 ./Sources/main.o
 .bss           0x00000000        0x0 ./Sources/main.o
 .debug_macro   0x00000000      0x802 ./Sources/main.o
 .debug_macro   0x00000000       0x16 ./Sources/main.o
 .debug_macro   0x00000000       0x16 ./Sources/main.o
 .debug_macro   0x00000000       0x44 ./Sources/main.o
 .debug_macro   0x00000000      0x209 ./Sources/main.o
 .debug_macro   0x00000000       0x3a ./Sources/main.o
 .debug_macro   0x00000000       0x3a ./Sources/main.o
 .debug_macro   0x00000000       0x26 ./Sources/main.o
 .debug_macro   0x00000000      0x306 ./Sources/main.o
 .debug_macro   0x00000000       0x63 ./Sources/main.o
 .debug_macro   0x00000000     0x839f ./Sources/main.o
 .debug_macro   0x00000000       0x58 ./Sources/main.o
 .debug_macro   0x00000000       0x35 ./Sources/main.o
 .debug_macro   0x00000000       0xa3 ./Sources/main.o
 .debug_macro   0x00000000       0x52 ./Sources/main.o
 .debug_macro   0x00000000       0x16 ./Sources/main.o
 .debug_macro   0x00000000       0x43 ./Sources/main.o
 .debug_macro   0x00000000      0x180 ./Sources/main.o
 .group         0x00000000        0x8 ./Sources/nordic_lib.o
 .group         0x00000000        0x8 ./Sources/nordic_lib.o
 .group         0x00000000        0x8 ./Sources/nordic_lib.o
 .group         0x00000000        0x8 ./Sources/nordic_lib.o
 .group         0x00000000        0x8 ./Sources/nordic_lib.o
 .group         0x00000000        0x8 ./Sources/nordic_lib.o
 .group         0x00000000        0x8 ./Sources/nordic_lib.o
 .group         0x00000000        0x8 ./Sources/nordic_lib.o
 .group         0x00000000        0x8 ./Sources/nordic_lib.o
 .group         0x00000000        0x8 ./Sources/nordic_lib.o
 .group         0x00000000        0x8 ./Sources/nordic_lib.o
 .group         0x00000000        0x8 ./Sources/nordic_lib.o
 .group         0x00000000        0x8 ./Sources/nordic_lib.o
 .group         0x00000000        0x8 ./Sources/nordic_lib.o
 .group         0x00000000        0x8 ./Sources/nordic_lib.o
 .group         0x00000000        0x8 ./Sources/nordic_lib.o
 .group         0x00000000        0x8 ./Sources/nordic_lib.o
 .group         0x00000000        0x8 ./Sources/nordic_lib.o
 .group         0x00000000        0x8 ./Sources/nordic_lib.o
 .group         0x00000000        0x8 ./Sources/nordic_lib.o
 .group         0x00000000        0x8 ./Sources/nordic_lib.o
 .group         0x00000000        0x8 ./Sources/nordic_lib.o
 .group         0x00000000        0x8 ./Sources/nordic_lib.o
 .group         0x00000000        0x8 ./Sources/nordic_lib.o
 .group         0x00000000        0x8 ./Sources/nordic_lib.o
 .group         0x00000000        0x8 ./Sources/nordic_lib.o
 .group         0x00000000        0x8 ./Sources/nordic_lib.o
 .group         0x00000000        0x8 ./Sources/nordic_lib.o
 .text          0x00000000        0x0 ./Sources/nordic_lib.o
 .data          0x00000000        0x0 ./Sources/nordic_lib.o
 .bss           0x00000000        0x0 ./Sources/nordic_lib.o
 .text.nrf_config
                0x00000000        0x8 ./Sources/nordic_lib.o
 .text.nrf_write_register
                0x00000000       0x18 ./Sources/nordic_lib.o
 .text.nrf_write_tx_address
                0x00000000       0x1c ./Sources/nordic_lib.o
 .text.nrf_read_register
                0x00000000       0x20 ./Sources/nordic_lib.o
 .text.nrf_flush_tx
                0x00000000       0x30 ./Sources/nordic_lib.o
 .text.nrf_config_write
                0x00000000       0x30 ./Sources/nordic_lib.o
 .debug_macro   0x00000000      0x802 ./Sources/nordic_lib.o
 .debug_macro   0x00000000       0x58 ./Sources/nordic_lib.o
 .debug_macro   0x00000000       0x16 ./Sources/nordic_lib.o
 .debug_macro   0x00000000       0x35 ./Sources/nordic_lib.o
 .debug_macro   0x00000000       0xa3 ./Sources/nordic_lib.o
 .debug_macro   0x00000000       0x16 ./Sources/nordic_lib.o
 .debug_macro   0x00000000       0x97 ./Sources/nordic_lib.o
 .debug_macro   0x00000000       0x10 ./Sources/nordic_lib.o
 .debug_macro   0x00000000       0xef ./Sources/nordic_lib.o
 .debug_macro   0x00000000       0x52 ./Sources/nordic_lib.o
 .debug_macro   0x00000000       0x16 ./Sources/nordic_lib.o
 .debug_macro   0x00000000       0x43 ./Sources/nordic_lib.o
 .debug_macro   0x00000000      0x180 ./Sources/nordic_lib.o
 .debug_macro   0x00000000       0x10 ./Sources/nordic_lib.o
 .debug_macro   0x00000000       0x22 ./Sources/nordic_lib.o
 .debug_macro   0x00000000       0xbd ./Sources/nordic_lib.o
 .debug_macro   0x00000000       0x16 ./Sources/nordic_lib.o
 .debug_macro   0x00000000      0x14a ./Sources/nordic_lib.o
 .debug_macro   0x00000000      0x2e1 ./Sources/nordic_lib.o
 .debug_macro   0x00000000       0x2e ./Sources/nordic_lib.o
 .debug_macro   0x00000000       0x3a ./Sources/nordic_lib.o
 .debug_macro   0x00000000       0x26 ./Sources/nordic_lib.o
 .debug_macro   0x00000000      0x306 ./Sources/nordic_lib.o
 .debug_macro   0x00000000       0x63 ./Sources/nordic_lib.o
 .debug_macro   0x00000000     0x839f ./Sources/nordic_lib.o
 .group         0x00000000        0x8 ./Sources/nordic_module.o
 .group         0x00000000        0x8 ./Sources/nordic_module.o
 .group         0x00000000        0x8 ./Sources/nordic_module.o
 .group         0x00000000        0x8 ./Sources/nordic_module.o
 .group         0x00000000        0x8 ./Sources/nordic_module.o
 .group         0x00000000        0x8 ./Sources/nordic_module.o
 .group         0x00000000        0x8 ./Sources/nordic_module.o
 .group         0x00000000        0x8 ./Sources/nordic_module.o
 .group         0x00000000        0x8 ./Sources/nordic_module.o
 .group         0x00000000        0x8 ./Sources/nordic_module.o
 .group         0x00000000        0x8 ./Sources/nordic_module.o
 .group         0x00000000        0x8 ./Sources/nordic_module.o
 .group         0x00000000        0x8 ./Sources/nordic_module.o
 .group         0x00000000        0x8 ./Sources/nordic_module.o
 .group         0x00000000        0x8 ./Sources/nordic_module.o
 .group         0x00000000        0x8 ./Sources/nordic_module.o
 .group         0x00000000        0x8 ./Sources/nordic_module.o
 .group         0x00000000        0x8 ./Sources/nordic_module.o
 .group         0x00000000        0x8 ./Sources/nordic_module.o
 .group         0x00000000        0x8 ./Sources/nordic_module.o
 .group         0x00000000        0x8 ./Sources/nordic_module.o
 .group         0x00000000        0x8 ./Sources/nordic_module.o
 .group         0x00000000        0x8 ./Sources/nordic_module.o
 .group         0x00000000        0x8 ./Sources/nordic_module.o
 .group         0x00000000        0x8 ./Sources/nordic_module.o
 .group         0x00000000        0x8 ./Sources/nordic_module.o
 .group         0x00000000        0x8 ./Sources/nordic_module.o
 .group         0x00000000        0x8 ./Sources/nordic_module.o
 .text          0x00000000        0x0 ./Sources/nordic_module.o
 .data          0x00000000        0x0 ./Sources/nordic_module.o
 .bss           0x00000000        0x0 ./Sources/nordic_module.o
 .debug_macro   0x00000000      0x802 ./Sources/nordic_module.o
 .debug_macro   0x00000000       0x16 ./Sources/nordic_module.o
 .debug_macro   0x00000000       0x16 ./Sources/nordic_module.o
 .debug_macro   0x00000000       0x44 ./Sources/nordic_module.o
 .debug_macro   0x00000000      0x209 ./Sources/nordic_module.o
 .debug_macro   0x00000000       0x3a ./Sources/nordic_module.o
 .debug_macro   0x00000000       0x3a ./Sources/nordic_module.o
 .debug_macro   0x00000000       0x26 ./Sources/nordic_module.o
 .debug_macro   0x00000000      0x306 ./Sources/nordic_module.o
 .debug_macro   0x00000000       0x63 ./Sources/nordic_module.o
 .debug_macro   0x00000000     0x839f ./Sources/nordic_module.o
 .debug_macro   0x00000000       0x58 ./Sources/nordic_module.o
 .debug_macro   0x00000000       0x35 ./Sources/nordic_module.o
 .debug_macro   0x00000000       0xa3 ./Sources/nordic_module.o
 .debug_macro   0x00000000       0x16 ./Sources/nordic_module.o
 .debug_macro   0x00000000       0x97 ./Sources/nordic_module.o
 .debug_macro   0x00000000       0x10 ./Sources/nordic_module.o
 .debug_macro   0x00000000       0xef ./Sources/nordic_module.o
 .debug_macro   0x00000000       0x52 ./Sources/nordic_module.o
 .debug_macro   0x00000000       0x16 ./Sources/nordic_module.o
 .debug_macro   0x00000000       0x43 ./Sources/nordic_module.o
 .debug_macro   0x00000000      0x180 ./Sources/nordic_module.o
 .debug_macro   0x00000000       0x10 ./Sources/nordic_module.o
 .debug_macro   0x00000000       0x22 ./Sources/nordic_module.o
 .debug_macro   0x00000000       0xbd ./Sources/nordic_module.o
 .debug_macro   0x00000000       0x16 ./Sources/nordic_module.o
 .debug_macro   0x00000000      0x14a ./Sources/nordic_module.o
 .debug_macro   0x00000000       0x2e ./Sources/nordic_module.o
 .data          0x00000000        0x0 ./Project_Settings/Startup_Code/startup_MKL25Z4.o
 .bss           0x00000000        0x0 ./Project_Settings/Startup_Code/startup_MKL25Z4.o
 .group         0x00000000        0x8 ./Project_Settings/Startup_Code/system_MKL25Z4.o
 .group         0x00000000        0x8 ./Project_Settings/Startup_Code/system_MKL25Z4.o
 .group         0x00000000        0x8 ./Project_Settings/Startup_Code/system_MKL25Z4.o
 .group         0x00000000        0x8 ./Project_Settings/Startup_Code/system_MKL25Z4.o
 .group         0x00000000        0x8 ./Project_Settings/Startup_Code/system_MKL25Z4.o
 .group         0x00000000        0x8 ./Project_Settings/Startup_Code/system_MKL25Z4.o
 .group         0x00000000        0x8 ./Project_Settings/Startup_Code/system_MKL25Z4.o
 .group         0x00000000        0x8 ./Project_Settings/Startup_Code/system_MKL25Z4.o
 .group         0x00000000        0x8 ./Project_Settings/Startup_Code/system_MKL25Z4.o
 .group         0x00000000        0x8 ./Project_Settings/Startup_Code/system_MKL25Z4.o
 .text          0x00000000        0x0 ./Project_Settings/Startup_Code/system_MKL25Z4.o
 .data          0x00000000        0x0 ./Project_Settings/Startup_Code/system_MKL25Z4.o
 .bss           0x00000000        0x0 ./Project_Settings/Startup_Code/system_MKL25Z4.o
 .data.SystemCoreClock
                0x00000000        0x4 ./Project_Settings/Startup_Code/system_MKL25Z4.o
 .text.SystemCoreClockUpdate
                0x00000000      0x23c ./Project_Settings/Startup_Code/system_MKL25Z4.o
 .debug_macro   0x00000000      0x802 ./Project_Settings/Startup_Code/system_MKL25Z4.o
 .debug_macro   0x00000000       0x16 ./Project_Settings/Startup_Code/system_MKL25Z4.o
 .debug_macro   0x00000000       0x44 ./Project_Settings/Startup_Code/system_MKL25Z4.o
 .debug_macro   0x00000000      0x209 ./Project_Settings/Startup_Code/system_MKL25Z4.o
 .debug_macro   0x00000000       0x4c ./Project_Settings/Startup_Code/system_MKL25Z4.o
 .debug_macro   0x00000000       0x3a ./Project_Settings/Startup_Code/system_MKL25Z4.o
 .debug_macro   0x00000000       0x26 ./Project_Settings/Startup_Code/system_MKL25Z4.o
 .debug_macro   0x00000000      0x306 ./Project_Settings/Startup_Code/system_MKL25Z4.o
 .debug_macro   0x00000000       0x63 ./Project_Settings/Startup_Code/system_MKL25Z4.o
 .debug_macro   0x00000000     0x839f ./Project_Settings/Startup_Code/system_MKL25Z4.o
 .text          0x00000000       0x9c c:/freescale/kds_v3/toolchain/bin/../lib/gcc/arm-none-eabi/4.8.4/armv6-m\libgcc.a(_udivsi3.o)
 .data          0x00000000        0x0 c:/freescale/kds_v3/toolchain/bin/../lib/gcc/arm-none-eabi/4.8.4/armv6-m\libgcc.a(_udivsi3.o)
 .bss           0x00000000        0x0 c:/freescale/kds_v3/toolchain/bin/../lib/gcc/arm-none-eabi/4.8.4/armv6-m\libgcc.a(_udivsi3.o)
 .debug_frame   0x00000000       0x20 c:/freescale/kds_v3/toolchain/bin/../lib/gcc/arm-none-eabi/4.8.4/armv6-m\libgcc.a(_udivsi3.o)
 .ARM.attributes
                0x00000000       0x1e c:/freescale/kds_v3/toolchain/bin/../lib/gcc/arm-none-eabi/4.8.4/armv6-m\libgcc.a(_udivsi3.o)
 .text          0x00000000        0x4 c:/freescale/kds_v3/toolchain/bin/../lib/gcc/arm-none-eabi/4.8.4/armv6-m\libgcc.a(_dvmd_tls.o)
 .data          0x00000000        0x0 c:/freescale/kds_v3/toolchain/bin/../lib/gcc/arm-none-eabi/4.8.4/armv6-m\libgcc.a(_dvmd_tls.o)
 .bss           0x00000000        0x0 c:/freescale/kds_v3/toolchain/bin/../lib/gcc/arm-none-eabi/4.8.4/armv6-m\libgcc.a(_dvmd_tls.o)
 .ARM.attributes
                0x00000000       0x1e c:/freescale/kds_v3/toolchain/bin/../lib/gcc/arm-none-eabi/4.8.4/armv6-m\libgcc.a(_dvmd_tls.o)
 .data          0x00000000        0x0 c:/freescale/kds_v3/toolchain/bin/../lib/gcc/arm-none-eabi/4.8.4/armv6-m\libgcc.a(_fixunssfsi.o)
 .bss           0x00000000        0x0 c:/freescale/kds_v3/toolchain/bin/../lib/gcc/arm-none-eabi/4.8.4/armv6-m\libgcc.a(_fixunssfsi.o)
 .data          0x00000000        0x0 c:/freescale/kds_v3/toolchain/bin/../lib/gcc/arm-none-eabi/4.8.4/armv6-m\libgcc.a(divsf3.o)
 .bss           0x00000000        0x0 c:/freescale/kds_v3/toolchain/bin/../lib/gcc/arm-none-eabi/4.8.4/armv6-m\libgcc.a(divsf3.o)
 .data          0x00000000        0x0 c:/freescale/kds_v3/toolchain/bin/../lib/gcc/arm-none-eabi/4.8.4/armv6-m\libgcc.a(subsf3.o)
 .bss           0x00000000        0x0 c:/freescale/kds_v3/toolchain/bin/../lib/gcc/arm-none-eabi/4.8.4/armv6-m\libgcc.a(subsf3.o)
 .data          0x00000000        0x0 c:/freescale/kds_v3/toolchain/bin/../lib/gcc/arm-none-eabi/4.8.4/armv6-m\libgcc.a(fixsfsi.o)
 .bss           0x00000000        0x0 c:/freescale/kds_v3/toolchain/bin/../lib/gcc/arm-none-eabi/4.8.4/armv6-m\libgcc.a(fixsfsi.o)
 .data          0x00000000        0x0 c:/freescale/kds_v3/toolchain/bin/../lib/gcc/arm-none-eabi/4.8.4/armv6-m\libgcc.a(floatsisf.o)
 .bss           0x00000000        0x0 c:/freescale/kds_v3/toolchain/bin/../lib/gcc/arm-none-eabi/4.8.4/armv6-m\libgcc.a(floatsisf.o)
 .data          0x00000000        0x0 c:/freescale/kds_v3/toolchain/bin/../lib/gcc/arm-none-eabi/4.8.4/armv6-m\libgcc.a(muldf3.o)
 .bss           0x00000000        0x0 c:/freescale/kds_v3/toolchain/bin/../lib/gcc/arm-none-eabi/4.8.4/armv6-m\libgcc.a(muldf3.o)
 .data          0x00000000        0x0 c:/freescale/kds_v3/toolchain/bin/../lib/gcc/arm-none-eabi/4.8.4/armv6-m\libgcc.a(fixdfsi.o)
 .bss           0x00000000        0x0 c:/freescale/kds_v3/toolchain/bin/../lib/gcc/arm-none-eabi/4.8.4/armv6-m\libgcc.a(fixdfsi.o)
 .data          0x00000000        0x0 c:/freescale/kds_v3/toolchain/bin/../lib/gcc/arm-none-eabi/4.8.4/armv6-m\libgcc.a(floatsidf.o)
 .bss           0x00000000        0x0 c:/freescale/kds_v3/toolchain/bin/../lib/gcc/arm-none-eabi/4.8.4/armv6-m\libgcc.a(floatsidf.o)
 .data          0x00000000        0x0 c:/freescale/kds_v3/toolchain/bin/../lib/gcc/arm-none-eabi/4.8.4/armv6-m\libgcc.a(_arm_cmpsf2.o)
 .bss           0x00000000        0x0 c:/freescale/kds_v3/toolchain/bin/../lib/gcc/arm-none-eabi/4.8.4/armv6-m\libgcc.a(_arm_cmpsf2.o)
 .data          0x00000000        0x0 c:/freescale/kds_v3/toolchain/bin/../lib/gcc/arm-none-eabi/4.8.4/armv6-m\libgcc.a(_clzsi2.o)
 .bss           0x00000000        0x0 c:/freescale/kds_v3/toolchain/bin/../lib/gcc/arm-none-eabi/4.8.4/armv6-m\libgcc.a(_clzsi2.o)
 .data          0x00000000        0x0 c:/freescale/kds_v3/toolchain/bin/../lib/gcc/arm-none-eabi/4.8.4/armv6-m\libgcc.a(eqsf2.o)
 .bss           0x00000000        0x0 c:/freescale/kds_v3/toolchain/bin/../lib/gcc/arm-none-eabi/4.8.4/armv6-m\libgcc.a(eqsf2.o)
 .data          0x00000000        0x0 c:/freescale/kds_v3/toolchain/bin/../lib/gcc/arm-none-eabi/4.8.4/armv6-m\libgcc.a(gesf2.o)
 .bss           0x00000000        0x0 c:/freescale/kds_v3/toolchain/bin/../lib/gcc/arm-none-eabi/4.8.4/armv6-m\libgcc.a(gesf2.o)
 .data          0x00000000        0x0 c:/freescale/kds_v3/toolchain/bin/../lib/gcc/arm-none-eabi/4.8.4/armv6-m\libgcc.a(lesf2.o)
 .bss           0x00000000        0x0 c:/freescale/kds_v3/toolchain/bin/../lib/gcc/arm-none-eabi/4.8.4/armv6-m\libgcc.a(lesf2.o)
 .text          0x00000000        0x0 c:/freescale/kds_v3/toolchain/bin/../lib/gcc/arm-none-eabi/4.8.4/../../../../arm-none-eabi/lib/armv6-m\libg_s.a(lib_a-exit.o)
 .data          0x00000000        0x0 c:/freescale/kds_v3/toolchain/bin/../lib/gcc/arm-none-eabi/4.8.4/../../../../arm-none-eabi/lib/armv6-m\libg_s.a(lib_a-exit.o)
 .bss           0x00000000        0x0 c:/freescale/kds_v3/toolchain/bin/../lib/gcc/arm-none-eabi/4.8.4/../../../../arm-none-eabi/lib/armv6-m\libg_s.a(lib_a-exit.o)
 .text          0x00000000        0x0 c:/freescale/kds_v3/toolchain/bin/../lib/gcc/arm-none-eabi/4.8.4/../../../../arm-none-eabi/lib/armv6-m\libg_s.a(lib_a-impure.o)
 .data          0x00000000        0x0 c:/freescale/kds_v3/toolchain/bin/../lib/gcc/arm-none-eabi/4.8.4/../../../../arm-none-eabi/lib/armv6-m\libg_s.a(lib_a-impure.o)
 .bss           0x00000000        0x0 c:/freescale/kds_v3/toolchain/bin/../lib/gcc/arm-none-eabi/4.8.4/../../../../arm-none-eabi/lib/armv6-m\libg_s.a(lib_a-impure.o)
 .data._impure_ptr
                0x00000000        0x4 c:/freescale/kds_v3/toolchain/bin/../lib/gcc/arm-none-eabi/4.8.4/../../../../arm-none-eabi/lib/armv6-m\libg_s.a(lib_a-impure.o)
 .text          0x00000000        0x0 c:/freescale/kds_v3/toolchain/bin/../lib/gcc/arm-none-eabi/4.8.4/../../../../arm-none-eabi/lib/armv6-m\libg_s.a(lib_a-init.o)
 .data          0x00000000        0x0 c:/freescale/kds_v3/toolchain/bin/../lib/gcc/arm-none-eabi/4.8.4/../../../../arm-none-eabi/lib/armv6-m\libg_s.a(lib_a-init.o)
 .bss           0x00000000        0x0 c:/freescale/kds_v3/toolchain/bin/../lib/gcc/arm-none-eabi/4.8.4/../../../../arm-none-eabi/lib/armv6-m\libg_s.a(lib_a-init.o)
 .text          0x00000000        0x0 c:/freescale/kds_v3/toolchain/bin/../lib/gcc/arm-none-eabi/4.8.4/../../../../arm-none-eabi/lib/armv6-m\libg_s.a(lib_a-memset.o)
 .data          0x00000000        0x0 c:/freescale/kds_v3/toolchain/bin/../lib/gcc/arm-none-eabi/4.8.4/../../../../arm-none-eabi/lib/armv6-m\libg_s.a(lib_a-memset.o)
 .bss           0x00000000        0x0 c:/freescale/kds_v3/toolchain/bin/../lib/gcc/arm-none-eabi/4.8.4/../../../../arm-none-eabi/lib/armv6-m\libg_s.a(lib_a-memset.o)
 .text          0x00000000        0x0 c:/freescale/kds_v3/toolchain/bin/../lib/gcc/arm-none-eabi/4.8.4/../../../../arm-none-eabi/lib/armv6-m\libnosys.a(_exit.o)
 .data          0x00000000        0x0 c:/freescale/kds_v3/toolchain/bin/../lib/gcc/arm-none-eabi/4.8.4/../../../../arm-none-eabi/lib/armv6-m\libnosys.a(_exit.o)
 .bss           0x00000000        0x0 c:/freescale/kds_v3/toolchain/bin/../lib/gcc/arm-none-eabi/4.8.4/../../../../arm-none-eabi/lib/armv6-m\libnosys.a(_exit.o)
 .text          0x00000000        0x0 c:/freescale/kds_v3/toolchain/bin/../lib/gcc/arm-none-eabi/4.8.4/armv6-m/crtend.o
 .data          0x00000000        0x0 c:/freescale/kds_v3/toolchain/bin/../lib/gcc/arm-none-eabi/4.8.4/armv6-m/crtend.o
 .bss           0x00000000        0x0 c:/freescale/kds_v3/toolchain/bin/../lib/gcc/arm-none-eabi/4.8.4/armv6-m/crtend.o
 .eh_frame      0x00000000        0x4 c:/freescale/kds_v3/toolchain/bin/../lib/gcc/arm-none-eabi/4.8.4/armv6-m/crtend.o
 .text          0x00000000        0x0 c:/freescale/kds_v3/toolchain/bin/../lib/gcc/arm-none-eabi/4.8.4/armv6-m/crtn.o
 .data          0x00000000        0x0 c:/freescale/kds_v3/toolchain/bin/../lib/gcc/arm-none-eabi/4.8.4/armv6-m/crtn.o
 .bss           0x00000000        0x0 c:/freescale/kds_v3/toolchain/bin/../lib/gcc/arm-none-eabi/4.8.4/armv6-m/crtn.o

Memory Configuration

Name             Origin             Length             Attributes
m_interrupts     0x00000000         0x00000100         xr
m_flash_config   0x00000400         0x00000010         xr
m_text           0x00000410         0x0000fbf0         xr
m_data           0x1ffff800         0x00002000         rw
*default*        0x00000000         0xffffffff

Linker script and memory map

LOAD c:/freescale/kds_v3/toolchain/bin/../lib/gcc/arm-none-eabi/4.8.4/armv6-m/crti.o
LOAD c:/freescale/kds_v3/toolchain/bin/../lib/gcc/arm-none-eabi/4.8.4/armv6-m/crtbegin.o
LOAD c:/freescale/kds_v3/toolchain/bin/../lib/gcc/arm-none-eabi/4.8.4/../../../../arm-none-eabi/lib/armv6-m/crt0.o
LOAD ./Sources/ADC.o
LOAD ./Sources/capacitive_touch.o
LOAD ./Sources/main.o
LOAD ./Sources/nordic_lib.o
LOAD ./Sources/nordic_module.o
LOAD ./Project_Settings/Startup_Code/startup_MKL25Z4.o
LOAD ./Project_Settings/Startup_Code/system_MKL25Z4.o
LOAD c:/freescale/kds_v3/toolchain/bin/../lib/gcc/arm-none-eabi/4.8.4/../../../../arm-none-eabi/lib/armv6-m\libstdc++_s.a
LOAD c:/freescale/kds_v3/toolchain/bin/../lib/gcc/arm-none-eabi/4.8.4/../../../../arm-none-eabi/lib/armv6-m\libm.a
START GROUP
LOAD c:/freescale/kds_v3/toolchain/bin/../lib/gcc/arm-none-eabi/4.8.4/armv6-m\libgcc.a
LOAD c:/freescale/kds_v3/toolchain/bin/../lib/gcc/arm-none-eabi/4.8.4/../../../../arm-none-eabi/lib/armv6-m\libg_s.a
LOAD c:/freescale/kds_v3/toolchain/bin/../lib/gcc/arm-none-eabi/4.8.4/../../../../arm-none-eabi/lib/armv6-m\libc_s.a
END GROUP
START GROUP
LOAD c:/freescale/kds_v3/toolchain/bin/../lib/gcc/arm-none-eabi/4.8.4/armv6-m\libgcc.a
LOAD c:/freescale/kds_v3/toolchain/bin/../lib/gcc/arm-none-eabi/4.8.4/../../../../arm-none-eabi/lib/armv6-m\libc_s.a
LOAD c:/freescale/kds_v3/toolchain/bin/../lib/gcc/arm-none-eabi/4.8.4/../../../../arm-none-eabi/lib/armv6-m\libnosys.a
END GROUP
START GROUP
LOAD c:/freescale/kds_v3/toolchain/bin/../lib/gcc/arm-none-eabi/4.8.4/armv6-m\libgcc.a
LOAD c:/freescale/kds_v3/toolchain/bin/../lib/gcc/arm-none-eabi/4.8.4/../../../../arm-none-eabi/lib/armv6-m\libc_s.a
LOAD c:/freescale/kds_v3/toolchain/bin/../lib/gcc/arm-none-eabi/4.8.4/../../../../arm-none-eabi/lib/armv6-m\libnosys.a
END GROUP
LOAD c:/freescale/kds_v3/toolchain/bin/../lib/gcc/arm-none-eabi/4.8.4/armv6-m/crtend.o
LOAD c:/freescale/kds_v3/toolchain/bin/../lib/gcc/arm-none-eabi/4.8.4/armv6-m/crtn.o
                0x00000200                HEAP_SIZE = DEFINED (__heap_size__)?__heap_size__:0x200
                0x00000100                STACK_SIZE = DEFINED (__stack_size__)?__stack_size__:0x100

.interrupts     0x00000000       0xc0
                0x00000000                __VECTOR_TABLE = .
                0x00000000                . = ALIGN (0x4)
 *(.isr_vector)
 .isr_vector    0x00000000       0xc0 ./Project_Settings/Startup_Code/startup_MKL25Z4.o
                0x00000000                __isr_vector
                0x000000c0                . = ALIGN (0x4)

.flash_config   0x00000400       0x10
                0x00000400                . = ALIGN (0x4)
 *(.FlashConfig)
 .FlashConfig   0x00000400       0x10 ./Project_Settings/Startup_Code/startup_MKL25Z4.o
                0x00000410                . = ALIGN (0x4)

.text           0x00000410     0x1658
                0x00000410                . = ALIGN (0x4)
 *(.text)
 .text          0x00000410       0x60 c:/freescale/kds_v3/toolchain/bin/../lib/gcc/arm-none-eabi/4.8.4/armv6-m/crtbegin.o
 .text          0x00000470       0x78 c:/freescale/kds_v3/toolchain/bin/../lib/gcc/arm-none-eabi/4.8.4/../../../../arm-none-eabi/lib/armv6-m/crt0.o
                0x00000470                _start
                0x00000470                _mainCRTStartup
 .text          0x000004e8       0x34 ./Project_Settings/Startup_Code/startup_MKL25Z4.o
                0x000004e8                Reset_Handler
                0x00000514                HardFault_Handler
                0x00000514                SysTick_Handler
                0x00000514                PendSV_Handler
                0x00000514                NMI_Handler
                0x00000514                I2C1_IRQHandler
                0x00000514                UART1_IRQHandler
                0x00000514                DMA2_IRQHandler
                0x00000514                TPM0_IRQHandler
                0x00000514                LLWU_IRQHandler
                0x00000514                TSI0_IRQHandler
                0x00000514                UART0_IRQHandler
                0x00000514                ADC0_IRQHandler
                0x00000514                Reserved39_IRQHandler
                0x00000514                SPI1_IRQHandler
                0x00000514                DefaultISR
                0x00000514                PORTD_IRQHandler
                0x00000514                TPM2_IRQHandler
                0x00000514                RTC_IRQHandler
                0x00000514                I2C0_IRQHandler
                0x00000514                RTC_Seconds_IRQHandler
                0x00000514                MCG_IRQHandler
                0x00000514                UART2_IRQHandler
                0x00000514                Reserved20_IRQHandler
                0x00000514                USB0_IRQHandler
                0x00000514                PIT_IRQHandler
                0x00000514                SVC_Handler
                0x00000514                DMA3_IRQHandler
                0x00000514                DMA0_IRQHandler
                0x00000514                DAC0_IRQHandler
                0x00000514                Reserved45_IRQHandler
                0x00000514                TPM1_IRQHandler
                0x00000514                LVD_LVW_IRQHandler
                0x00000514                SPI0_IRQHandler
                0x00000514                PORTA_IRQHandler
                0x00000514                FTFA_IRQHandler
                0x00000514                LPTMR0_IRQHandler
                0x00000514                CMP0_IRQHandler
                0x00000514                DMA1_IRQHandler
 .text          0x0000051c       0x30 c:/freescale/kds_v3/toolchain/bin/../lib/gcc/arm-none-eabi/4.8.4/armv6-m\libgcc.a(_fixunssfsi.o)
                0x0000051c                __fixunssfsi
                0x0000051c                __aeabi_f2uiz
 .text          0x0000054c      0x24c c:/freescale/kds_v3/toolchain/bin/../lib/gcc/arm-none-eabi/4.8.4/armv6-m\libgcc.a(divsf3.o)
                0x0000054c                __aeabi_fdiv
 .text          0x00000798      0x2ec c:/freescale/kds_v3/toolchain/bin/../lib/gcc/arm-none-eabi/4.8.4/armv6-m\libgcc.a(subsf3.o)
                0x00000798                __aeabi_fsub
 .text          0x00000a84       0x40 c:/freescale/kds_v3/toolchain/bin/../lib/gcc/arm-none-eabi/4.8.4/armv6-m\libgcc.a(fixsfsi.o)
                0x00000a84                __aeabi_f2iz
 .text          0x00000ac4       0xb8 c:/freescale/kds_v3/toolchain/bin/../lib/gcc/arm-none-eabi/4.8.4/armv6-m\libgcc.a(floatsisf.o)
                0x00000ac4                __aeabi_i2f
 .text          0x00000b7c      0x520 c:/freescale/kds_v3/toolchain/bin/../lib/gcc/arm-none-eabi/4.8.4/armv6-m\libgcc.a(muldf3.o)
                0x00000b7c                __aeabi_dmul
 .text          0x0000109c       0x68 c:/freescale/kds_v3/toolchain/bin/../lib/gcc/arm-none-eabi/4.8.4/armv6-m\libgcc.a(fixdfsi.o)
                0x0000109c                __aeabi_d2iz
 .text          0x00001104       0x7c c:/freescale/kds_v3/toolchain/bin/../lib/gcc/arm-none-eabi/4.8.4/armv6-m\libgcc.a(floatsidf.o)
                0x00001104                __aeabi_i2d
 .text          0x00001180       0x74 c:/freescale/kds_v3/toolchain/bin/../lib/gcc/arm-none-eabi/4.8.4/armv6-m\libgcc.a(_arm_cmpsf2.o)
                0x00001180                __aeabi_cfrcmple
                0x00001188                __aeabi_cfcmpeq
                0x00001188                __aeabi_cfcmple
                0x00001198                __aeabi_fcmpeq
                0x000011a4                __aeabi_fcmplt
                0x000011b8                __aeabi_fcmple
                0x000011cc                __aeabi_fcmpgt
                0x000011e0                __aeabi_fcmpge
 .text          0x000011f4       0x3c c:/freescale/kds_v3/toolchain/bin/../lib/gcc/arm-none-eabi/4.8.4/armv6-m\libgcc.a(_clzsi2.o)
                0x000011f4                __clzsi2
 .text          0x00001230       0x54 c:/freescale/kds_v3/toolchain/bin/../lib/gcc/arm-none-eabi/4.8.4/armv6-m\libgcc.a(eqsf2.o)
                0x00001230                __eqsf2
                0x00001230                __nesf2
 .text          0x00001284       0x90 c:/freescale/kds_v3/toolchain/bin/../lib/gcc/arm-none-eabi/4.8.4/armv6-m\libgcc.a(gesf2.o)
                0x00001284                __gesf2
                0x00001284                __gtsf2
 .text          0x00001314       0x98 c:/freescale/kds_v3/toolchain/bin/../lib/gcc/arm-none-eabi/4.8.4/armv6-m\libgcc.a(lesf2.o)
                0x00001314                __ltsf2
                0x00001314                __lesf2
 *(.text*)
 .text.adc_init
                0x000013ac       0x78 ./Sources/ADC.o
                0x000013ac                adc_init
 .text.adc_calibrate
                0x00001424      0x108 ./Sources/ADC.o
                0x00001424                adc_calibrate
 .text.adc_read
                0x0000152c       0x34 ./Sources/ADC.o
                0x0000152c                adc_read
 .text.TSI_init
                0x00001560       0xa8 ./Sources/capacitive_touch.o
                0x00001560                TSI_init
 .text.TSI_Start
                0x00001608       0x30 ./Sources/capacitive_touch.o
                0x00001608                TSI_Start
 .text.TSI_Stop_check
                0x00001638       0x20 ./Sources/capacitive_touch.o
                0x00001638                TSI_Stop_check
 .text.main     0x00001658      0x158 ./Sources/main.o
                0x00001658                main
 .text.nrf_transmit_data
                0x000017b0       0x90 ./Sources/nordic_lib.o
                0x000017b0                nrf_transmit_data
 .text.spi0_init
                0x00001840       0x7c ./Sources/nordic_module.o
                0x00001840                spi0_init
 .text.spi_send
                0x000018bc       0x68 ./Sources/nordic_module.o
                0x000018bc                spi_send
 .text.SystemInit
                0x00001924       0x18 ./Project_Settings/Startup_Code/system_MKL25Z4.o
                0x00001924                SystemInit
 .text.exit     0x0000193c       0x2c c:/freescale/kds_v3/toolchain/bin/../lib/gcc/arm-none-eabi/4.8.4/../../../../arm-none-eabi/lib/armv6-m\libg_s.a(lib_a-exit.o)
                0x0000193c                exit
 .text.__libc_init_array
                0x00001968       0x4c c:/freescale/kds_v3/toolchain/bin/../lib/gcc/arm-none-eabi/4.8.4/../../../../arm-none-eabi/lib/armv6-m\libg_s.a(lib_a-init.o)
                0x00001968                __libc_init_array
 .text.memset   0x000019b4       0x10 c:/freescale/kds_v3/toolchain/bin/../lib/gcc/arm-none-eabi/4.8.4/../../../../arm-none-eabi/lib/armv6-m\libg_s.a(lib_a-memset.o)
                0x000019b4                memset
 .text._exit    0x000019c4        0x4 c:/freescale/kds_v3/toolchain/bin/../lib/gcc/arm-none-eabi/4.8.4/../../../../arm-none-eabi/lib/armv6-m\libnosys.a(_exit.o)
                0x000019c4                _exit
 *(.rodata)
 .rodata        0x000019c8       0x40 c:/freescale/kds_v3/toolchain/bin/../lib/gcc/arm-none-eabi/4.8.4/armv6-m\libgcc.a(divsf3.o)
 .rodata        0x00001a08       0x40 c:/freescale/kds_v3/toolchain/bin/../lib/gcc/arm-none-eabi/4.8.4/armv6-m\libgcc.a(muldf3.o)
 *(.rodata*)
 .rodata.str1.1
                0x00001a48        0x2 c:/freescale/kds_v3/toolchain/bin/../lib/gcc/arm-none-eabi/4.8.4/../../../../arm-none-eabi/lib/armv6-m\libg_s.a(lib_a-impure.o)
 *fill*         0x00001a4a        0x2 
 .rodata._global_impure_ptr
                0x00001a4c        0x4 c:/freescale/kds_v3/toolchain/bin/../lib/gcc/arm-none-eabi/4.8.4/../../../../arm-none-eabi/lib/armv6-m\libg_s.a(lib_a-impure.o)
                0x00001a4c                _global_impure_ptr
 *(.glue_7)
 .glue_7        0x00000000        0x0 linker stubs
 *(.glue_7t)
 .glue_7t       0x00000000        0x0 linker stubs
 *(.eh_frame)
 .eh_frame      0x00001a50        0x0 c:/freescale/kds_v3/toolchain/bin/../lib/gcc/arm-none-eabi/4.8.4/armv6-m/crtbegin.o
 *(.init)
 .init          0x00001a50        0x4 c:/freescale/kds_v3/toolchain/bin/../lib/gcc/arm-none-eabi/4.8.4/armv6-m/crti.o
                0x00001a50                _init
 .init          0x00001a54        0x8 c:/freescale/kds_v3/toolchain/bin/../lib/gcc/arm-none-eabi/4.8.4/armv6-m/crtn.o
 *(.fini)
 .fini          0x00001a5c        0x4 c:/freescale/kds_v3/toolchain/bin/../lib/gcc/arm-none-eabi/4.8.4/armv6-m/crti.o
                0x00001a5c                _fini
 .fini          0x00001a60        0x8 c:/freescale/kds_v3/toolchain/bin/../lib/gcc/arm-none-eabi/4.8.4/armv6-m/crtn.o
                0x00001a68                . = ALIGN (0x4)

.vfp11_veneer   0x00001a68        0x0
 .vfp11_veneer  0x00000000        0x0 linker stubs

.v4_bx          0x00001a68        0x0
 .v4_bx         0x00000000        0x0 linker stubs

.iplt           0x00001a68        0x0
 .iplt          0x00000000        0x0 c:/freescale/kds_v3/toolchain/bin/../lib/gcc/arm-none-eabi/4.8.4/armv6-m/crtbegin.o

.ARM.extab
 *(.ARM.extab* .gnu.linkonce.armextab.*)

.ARM            0x00001a68        0x8
                0x00001a68                __exidx_start = .
 *(.ARM.exidx*)
 .ARM.exidx     0x00001a68        0x8 c:/freescale/kds_v3/toolchain/bin/../lib/gcc/arm-none-eabi/4.8.4/../../../../arm-none-eabi/lib/armv6-m/crt0.o
                0x00001a70                __exidx_end = .

.rel.dyn        0x00001a70        0x0
 .rel.iplt      0x00000000        0x0 c:/freescale/kds_v3/toolchain/bin/../lib/gcc/arm-none-eabi/4.8.4/armv6-m/crtbegin.o

.ctors          0x00001a70        0x0
                0x00001a70                __CTOR_LIST__ = .
 *crtbegin.o(.ctors)
 *crtbegin?.o(.ctors)
 *(EXCLUDE_FILE(*crtend.o *crtend?.o) .ctors)
 *(SORT(.ctors.*))
 *(.ctors)
                0x00001a70                __CTOR_END__ = .

.dtors          0x00001a70        0x0
                0x00001a70                __DTOR_LIST__ = .
 *crtbegin.o(.dtors)
 *crtbegin?.o(.dtors)
 *(EXCLUDE_FILE(*crtend.o *crtend?.o) .dtors)
 *(SORT(.dtors.*))
 *(.dtors)
                0x00001a70                __DTOR_END__ = .

.preinit_array  0x00001a70        0x0
                0x00001a70                PROVIDE (__preinit_array_start, .)
 *(.preinit_array*)
                0x00001a70                PROVIDE (__preinit_array_end, .)

.init_array     0x00001a70        0x4
                0x00001a70                PROVIDE (__init_array_start, .)
 *(SORT(.init_array.*))
 *(.init_array*)
 .init_array    0x00001a70        0x4 c:/freescale/kds_v3/toolchain/bin/../lib/gcc/arm-none-eabi/4.8.4/armv6-m/crtbegin.o
                0x00001a74                PROVIDE (__init_array_end, .)

.fini_array     0x00001a74        0x4
                0x00001a74                PROVIDE (__fini_array_start, .)
 *(SORT(.fini_array.*))
 *(.fini_array*)
 .fini_array    0x00001a74        0x4 c:/freescale/kds_v3/toolchain/bin/../lib/gcc/arm-none-eabi/4.8.4/armv6-m/crtbegin.o
                0x00001a78                PROVIDE (__fini_array_end, .)
                0x00001a78                __etext = .
                0x00001a78                __DATA_ROM = .

.mtb            0x1ffff800        0x0
                0x1ffff800                . = ALIGN (0x8)
                0x1ffff800                _mtb_start = .
 *(.mtb_buf)
                0x1ffff800                . = ALIGN (0x8)
                0x1ffff800                _mtb_end = .

.data           0x1ffff800       0x64 load address 0x00001a78
                0x1ffff800                . = ALIGN (0x4)
                0x1ffff800                __DATA_RAM = .
                0x1ffff800                __data_start__ = .
 *(.data)
 *(.data*)
 .data.impure_data
                0x1ffff800       0x60 c:/freescale/kds_v3/toolchain/bin/../lib/gcc/arm-none-eabi/4.8.4/../../../../arm-none-eabi/lib/armv6-m\libg_s.a(lib_a-impure.o)
 *(.jcr*)
 .jcr           0x1ffff860        0x0 c:/freescale/kds_v3/toolchain/bin/../lib/gcc/arm-none-eabi/4.8.4/armv6-m/crtbegin.o
 .jcr           0x1ffff860        0x4 c:/freescale/kds_v3/toolchain/bin/../lib/gcc/arm-none-eabi/4.8.4/armv6-m/crtend.o
                0x1ffff864                . = ALIGN (0x4)
                0x1ffff864                __data_end__ = .
                0x00001adc                __DATA_END = (__DATA_ROM + (__data_end__ - __data_start__))

.igot.plt       0x1ffff864        0x0 load address 0x00001adc
 .igot.plt      0x00000000        0x0 c:/freescale/kds_v3/toolchain/bin/../lib/gcc/arm-none-eabi/4.8.4/armv6-m/crtbegin.o

.bss            0x1ffff864       0x1c load address 0x00001adc
                0x1ffff864                . = ALIGN (0x4)
                0x1ffff864                __START_BSS = .
                0x1ffff864                __bss_start__ = .
 *(.bss)
 .bss           0x1ffff864       0x1c c:/freescale/kds_v3/toolchain/bin/../lib/gcc/arm-none-eabi/4.8.4/armv6-m/crtbegin.o
 *(.bss*)
 *(COMMON)
                0x1ffff880                . = ALIGN (0x4)
                0x1ffff880                __bss_end__ = .
                0x1ffff880                __END_BSS = .

.heap           0x1ffff880      0x200 load address 0x00001af8
                0x1ffff880                . = ALIGN (0x8)
                0x1ffff880                __end__ = .
                0x1ffff880                PROVIDE (end, .)
                0x1ffff880                __HeapBase = .
                0x1ffffa80                . = (. + HEAP_SIZE)
 *fill*         0x1ffff880      0x200 
                0x1ffffa80                __HeapLimit = .

.stack          0x1ffffa80      0x100 load address 0x00001cf8
                0x1ffffa80                . = ALIGN (0x8)
                0x1ffffb80                . = (. + STACK_SIZE)
 *fill*         0x1ffffa80      0x100 
                0x20001800                __StackTop = (ORIGIN (m_data) + 0x2000)
                0x20001700                __StackLimit = (__StackTop - STACK_SIZE)
                0x20001800                PROVIDE (__stack, __StackTop)

.ARM.attributes
                0x00000000       0x28
 *(.ARM.attributes)
 .ARM.attributes
                0x00000000       0x1e c:/freescale/kds_v3/toolchain/bin/../lib/gcc/arm-none-eabi/4.8.4/armv6-m/crti.o
 .ARM.attributes
                0x0000001e       0x2c c:/freescale/kds_v3/toolchain/bin/../lib/gcc/arm-none-eabi/4.8.4/armv6-m/crtbegin.o
 .ARM.attributes
                0x0000004a       0x1b c:/freescale/kds_v3/toolchain/bin/../lib/gcc/arm-none-eabi/4.8.4/../../../../arm-none-eabi/lib/armv6-m/crt0.o
 .ARM.attributes
                0x00000065       0x32 ./Sources/ADC.o
 .ARM.attributes
                0x00000097       0x32 ./Sources/capacitive_touch.o
 .ARM.attributes
                0x000000c9       0x32 ./Sources/main.o
 .ARM.attributes
                0x000000fb       0x32 ./Sources/nordic_lib.o
 .ARM.attributes
                0x0000012d       0x32 ./Sources/nordic_module.o
 .ARM.attributes
                0x0000015f       0x1b ./Project_Settings/Startup_Code/startup_MKL25Z4.o
 .ARM.attributes
                0x0000017a       0x32 ./Project_Settings/Startup_Code/system_MKL25Z4.o
 .ARM.attributes
                0x000001ac       0x2c c:/freescale/kds_v3/toolchain/bin/../lib/gcc/arm-none-eabi/4.8.4/armv6-m\libgcc.a(_fixunssfsi.o)
 .ARM.attributes
                0x000001d8       0x2c c:/freescale/kds_v3/toolchain/bin/../lib/gcc/arm-none-eabi/4.8.4/armv6-m\libgcc.a(divsf3.o)
 .ARM.attributes
                0x00000204       0x2c c:/freescale/kds_v3/toolchain/bin/../lib/gcc/arm-none-eabi/4.8.4/armv6-m\libgcc.a(subsf3.o)
 .ARM.attributes
                0x00000230       0x2c c:/freescale/kds_v3/toolchain/bin/../lib/gcc/arm-none-eabi/4.8.4/armv6-m\libgcc.a(fixsfsi.o)
 .ARM.attributes
                0x0000025c       0x2c c:/freescale/kds_v3/toolchain/bin/../lib/gcc/arm-none-eabi/4.8.4/armv6-m\libgcc.a(floatsisf.o)
 .ARM.attributes
                0x00000288       0x2c c:/freescale/kds_v3/toolchain/bin/../lib/gcc/arm-none-eabi/4.8.4/armv6-m\libgcc.a(muldf3.o)
 .ARM.attributes
                0x000002b4       0x2c c:/freescale/kds_v3/toolchain/bin/../lib/gcc/arm-none-eabi/4.8.4/armv6-m\libgcc.a(fixdfsi.o)
 .ARM.attributes
                0x000002e0       0x2c c:/freescale/kds_v3/toolchain/bin/../lib/gcc/arm-none-eabi/4.8.4/armv6-m\libgcc.a(floatsidf.o)
 .ARM.attributes
                0x0000030c       0x1e c:/freescale/kds_v3/toolchain/bin/../lib/gcc/arm-none-eabi/4.8.4/armv6-m\libgcc.a(_arm_cmpsf2.o)
 .ARM.attributes
                0x0000032a       0x1e c:/freescale/kds_v3/toolchain/bin/../lib/gcc/arm-none-eabi/4.8.4/armv6-m\libgcc.a(_clzsi2.o)
 .ARM.attributes
                0x00000348       0x2c c:/freescale/kds_v3/toolchain/bin/../lib/gcc/arm-none-eabi/4.8.4/armv6-m\libgcc.a(eqsf2.o)
 .ARM.attributes
                0x00000374       0x2c c:/freescale/kds_v3/toolchain/bin/../lib/gcc/arm-none-eabi/4.8.4/armv6-m\libgcc.a(gesf2.o)
 .ARM.attributes
                0x000003a0       0x2c c:/freescale/kds_v3/toolchain/bin/../lib/gcc/arm-none-eabi/4.8.4/armv6-m\libgcc.a(lesf2.o)
 .ARM.attributes
                0x000003cc       0x2c c:/freescale/kds_v3/toolchain/bin/../lib/gcc/arm-none-eabi/4.8.4/../../../../arm-none-eabi/lib/armv6-m\libg_s.a(lib_a-exit.o)
 .ARM.attributes
                0x000003f8       0x2c c:/freescale/kds_v3/toolchain/bin/../lib/gcc/arm-none-eabi/4.8.4/../../../../arm-none-eabi/lib/armv6-m\libg_s.a(lib_a-impure.o)
 .ARM.attributes
                0x00000424       0x2c c:/freescale/kds_v3/toolchain/bin/../lib/gcc/arm-none-eabi/4.8.4/../../../../arm-none-eabi/lib/armv6-m\libg_s.a(lib_a-init.o)
 .ARM.attributes
                0x00000450       0x2c c:/freescale/kds_v3/toolchain/bin/../lib/gcc/arm-none-eabi/4.8.4/../../../../arm-none-eabi/lib/armv6-m\libg_s.a(lib_a-memset.o)
 .ARM.attributes
                0x0000047c       0x2c c:/freescale/kds_v3/toolchain/bin/../lib/gcc/arm-none-eabi/4.8.4/../../../../arm-none-eabi/lib/armv6-m\libnosys.a(_exit.o)
 .ARM.attributes
                0x000004a8       0x2c c:/freescale/kds_v3/toolchain/bin/../lib/gcc/arm-none-eabi/4.8.4/armv6-m/crtend.o
 .ARM.attributes
                0x000004d4       0x1e c:/freescale/kds_v3/toolchain/bin/../lib/gcc/arm-none-eabi/4.8.4/armv6-m/crtn.o
                0x00000001                ASSERT ((__StackLimit >= __HeapLimit), region m_data overflowed with stack and heap)
OUTPUT(Sensor_integration.elf elf32-littlearm)

.debug_info     0x00000000     0x155c
 .debug_info    0x00000000      0x473 ./Sources/ADC.o
 .debug_info    0x00000473      0x3bb ./Sources/capacitive_touch.o
 .debug_info    0x0000082e      0x1d6 ./Sources/main.o
 .debug_info    0x00000a04      0x284 ./Sources/nordic_lib.o
 .debug_info    0x00000c88      0x44d ./Sources/nordic_module.o
 .debug_info    0x000010d5       0x9a ./Project_Settings/Startup_Code/startup_MKL25Z4.o
 .debug_info    0x0000116f      0x3ed ./Project_Settings/Startup_Code/system_MKL25Z4.o

.debug_abbrev   0x00000000      0x673
 .debug_abbrev  0x00000000      0x12e ./Sources/ADC.o
 .debug_abbrev  0x0000012e      0x11d ./Sources/capacitive_touch.o
 .debug_abbrev  0x0000024b       0xde ./Sources/main.o
 .debug_abbrev  0x00000329      0x119 ./Sources/nordic_lib.o
 .debug_abbrev  0x00000442      0x114 ./Sources/nordic_module.o
 .debug_abbrev  0x00000556       0x14 ./Project_Settings/Startup_Code/startup_MKL25Z4.o
 .debug_abbrev  0x0000056a      0x109 ./Project_Settings/Startup_Code/system_MKL25Z4.o

.debug_aranges  0x00000000      0x140
 .debug_aranges
                0x00000000       0x30 ./Sources/ADC.o
 .debug_aranges
                0x00000030       0x30 ./Sources/capacitive_touch.o
 .debug_aranges
                0x00000060       0x20 ./Sources/main.o
 .debug_aranges
                0x00000080       0x50 ./Sources/nordic_lib.o
 .debug_aranges
                0x000000d0       0x28 ./Sources/nordic_module.o
 .debug_aranges
                0x000000f8       0x20 ./Project_Settings/Startup_Code/startup_MKL25Z4.o
 .debug_aranges
                0x00000118       0x28 ./Project_Settings/Startup_Code/system_MKL25Z4.o

.debug_ranges   0x00000000       0xc0
 .debug_ranges  0x00000000       0x20 ./Sources/ADC.o
 .debug_ranges  0x00000020       0x20 ./Sources/capacitive_touch.o
 .debug_ranges  0x00000040       0x10 ./Sources/main.o
 .debug_ranges  0x00000050       0x40 ./Sources/nordic_lib.o
 .debug_ranges  0x00000090       0x18 ./Sources/nordic_module.o
 .debug_ranges  0x000000a8       0x18 ./Project_Settings/Startup_Code/system_MKL25Z4.o

.debug_macro    0x00000000     0xa9d5
 .debug_macro   0x00000000       0x8d ./Sources/ADC.o
 .debug_macro   0x0000008d      0x802 ./Sources/ADC.o
 .debug_macro   0x0000088f       0x16 ./Sources/ADC.o
 .debug_macro   0x000008a5       0x16 ./Sources/ADC.o
 .debug_macro   0x000008bb       0x44 ./Sources/ADC.o
 .debug_macro   0x000008ff      0x209 ./Sources/ADC.o
 .debug_macro   0x00000b08       0x3a ./Sources/ADC.o
 .debug_macro   0x00000b42       0x3a ./Sources/ADC.o
 .debug_macro   0x00000b7c       0x26 ./Sources/ADC.o
 .debug_macro   0x00000ba2      0x306 ./Sources/ADC.o
 .debug_macro   0x00000ea8       0x63 ./Sources/ADC.o
 .debug_macro   0x00000f0b     0x839f ./Sources/ADC.o
 .debug_macro   0x000092aa      0x135 ./Sources/capacitive_touch.o
 .debug_macro   0x000093df       0x58 ./Sources/capacitive_touch.o
 .debug_macro   0x00009437       0x35 ./Sources/capacitive_touch.o
 .debug_macro   0x0000946c       0xa3 ./Sources/capacitive_touch.o
 .debug_macro   0x0000950f      0x166 ./Sources/capacitive_touch.o
 .debug_macro   0x00009675       0x52 ./Sources/capacitive_touch.o
 .debug_macro   0x000096c7       0x16 ./Sources/capacitive_touch.o
 .debug_macro   0x000096dd       0x43 ./Sources/capacitive_touch.o
 .debug_macro   0x00009720      0x180 ./Sources/capacitive_touch.o
 .debug_macro   0x000098a0      0x2a6 ./Sources/capacitive_touch.o
 .debug_macro   0x00009b46       0x10 ./Sources/capacitive_touch.o
 .debug_macro   0x00009b56       0x35 ./Sources/capacitive_touch.o
 .debug_macro   0x00009b8b      0x177 ./Sources/main.o
 .debug_macro   0x00009d02       0x2e ./Sources/main.o
 .debug_macro   0x00009d30       0x16 ./Sources/main.o
 .debug_macro   0x00009d46       0x97 ./Sources/main.o
 .debug_macro   0x00009ddd       0x10 ./Sources/main.o
 .debug_macro   0x00009ded       0xef ./Sources/main.o
 .debug_macro   0x00009edc       0x10 ./Sources/main.o
 .debug_macro   0x00009eec       0x22 ./Sources/main.o
 .debug_macro   0x00009f0e       0xbd ./Sources/main.o
 .debug_macro   0x00009fcb       0x16 ./Sources/main.o
 .debug_macro   0x00009fe1      0x14a ./Sources/main.o
 .debug_macro   0x0000a12b      0x2e1 ./Sources/main.o
 .debug_macro   0x0000a40c      0x152 ./Sources/nordic_lib.o
 .debug_macro   0x0000a55e       0x4a ./Sources/nordic_lib.o
 .debug_macro   0x0000a5a8      0x20f ./Sources/nordic_lib.o
 .debug_macro   0x0000a7b7       0x4c ./Sources/nordic_lib.o
 .debug_macro   0x0000a803      0x154 ./Sources/nordic_module.o
 .debug_macro   0x0000a957       0x7e ./Project_Settings/Startup_Code/system_MKL25Z4.o

.debug_line     0x00000000     0x105c
 .debug_line    0x00000000      0x230 ./Sources/ADC.o
 .debug_line    0x00000230      0x2e4 ./Sources/capacitive_touch.o
 .debug_line    0x00000514      0x2c7 ./Sources/main.o
 .debug_line    0x000007db      0x313 ./Sources/nordic_lib.o
 .debug_line    0x00000aee      0x2b3 ./Sources/nordic_module.o
 .debug_line    0x00000da1       0x7b ./Project_Settings/Startup_Code/startup_MKL25Z4.o
 .debug_line    0x00000e1c      0x240 ./Project_Settings/Startup_Code/system_MKL25Z4.o

.debug_str      0x00000000    0x35d21
 .debug_str     0x00000000    0x31b14 ./Sources/ADC.o
                              0x31f2c (size before relaxing)
 .debug_str     0x00031b14     0x24cb ./Sources/capacitive_touch.o
                              0x343e7 (size before relaxing)
 .debug_str     0x00033fdf     0x1bbd ./Sources/main.o
                              0x34f5a (size before relaxing)
 .debug_str     0x00035b9c       0xbe ./Sources/nordic_lib.o
                              0x34f8d (size before relaxing)
 .debug_str     0x00035c5a       0x3b ./Sources/nordic_module.o
                              0x33fe1 (size before relaxing)
 .debug_str     0x00035c95       0x8c ./Project_Settings/Startup_Code/system_MKL25Z4.o
                              0x31f18 (size before relaxing)

.comment        0x00000000       0x70
 .comment       0x00000000       0x70 ./Sources/ADC.o
                                 0x71 (size before relaxing)
 .comment       0x00000000       0x71 ./Sources/capacitive_touch.o
 .comment       0x00000000       0x71 ./Sources/main.o
 .comment       0x00000000       0x71 ./Sources/nordic_lib.o
 .comment       0x00000000       0x71 ./Sources/nordic_module.o
 .comment       0x00000000       0x71 ./Project_Settings/Startup_Code/system_MKL25Z4.o

.debug_frame    0x00000000      0x514
 .debug_frame   0x00000000       0x68 ./Sources/ADC.o
 .debug_frame   0x00000068       0x68 ./Sources/capacitive_touch.o
 .debug_frame   0x000000d0       0x30 ./Sources/main.o
 .debug_frame   0x00000100       0xe4 ./Sources/nordic_lib.o
 .debug_frame   0x000001e4       0x4c ./Sources/nordic_module.o
 .debug_frame   0x00000230       0x4c ./Project_Settings/Startup_Code/system_MKL25Z4.o
 .debug_frame   0x0000027c       0x28 c:/freescale/kds_v3/toolchain/bin/../lib/gcc/arm-none-eabi/4.8.4/armv6-m\libgcc.a(_fixunssfsi.o)
 .debug_frame   0x000002a4       0x3c c:/freescale/kds_v3/toolchain/bin/../lib/gcc/arm-none-eabi/4.8.4/armv6-m\libgcc.a(divsf3.o)
 .debug_frame   0x000002e0       0x30 c:/freescale/kds_v3/toolchain/bin/../lib/gcc/arm-none-eabi/4.8.4/armv6-m\libgcc.a(subsf3.o)
 .debug_frame   0x00000310       0x20 c:/freescale/kds_v3/toolchain/bin/../lib/gcc/arm-none-eabi/4.8.4/armv6-m\libgcc.a(fixsfsi.o)
 .debug_frame   0x00000330       0x2c c:/freescale/kds_v3/toolchain/bin/../lib/gcc/arm-none-eabi/4.8.4/armv6-m\libgcc.a(floatsisf.o)
 .debug_frame   0x0000035c       0x3c c:/freescale/kds_v3/toolchain/bin/../lib/gcc/arm-none-eabi/4.8.4/armv6-m\libgcc.a(muldf3.o)
 .debug_frame   0x00000398       0x2c c:/freescale/kds_v3/toolchain/bin/../lib/gcc/arm-none-eabi/4.8.4/armv6-m\libgcc.a(fixdfsi.o)
 .debug_frame   0x000003c4       0x30 c:/freescale/kds_v3/toolchain/bin/../lib/gcc/arm-none-eabi/4.8.4/armv6-m\libgcc.a(floatsidf.o)
 .debug_frame   0x000003f4       0x2c c:/freescale/kds_v3/toolchain/bin/../lib/gcc/arm-none-eabi/4.8.4/armv6-m\libgcc.a(eqsf2.o)
 .debug_frame   0x00000420       0x30 c:/freescale/kds_v3/toolchain/bin/../lib/gcc/arm-none-eabi/4.8.4/armv6-m\libgcc.a(gesf2.o)
 .debug_frame   0x00000450       0x30 c:/freescale/kds_v3/toolchain/bin/../lib/gcc/arm-none-eabi/4.8.4/armv6-m\libgcc.a(lesf2.o)
 .debug_frame   0x00000480       0x28 c:/freescale/kds_v3/toolchain/bin/../lib/gcc/arm-none-eabi/4.8.4/../../../../arm-none-eabi/lib/armv6-m\libg_s.a(lib_a-exit.o)
 .debug_frame   0x000004a8       0x2c c:/freescale/kds_v3/toolchain/bin/../lib/gcc/arm-none-eabi/4.8.4/../../../../arm-none-eabi/lib/armv6-m\libg_s.a(lib_a-init.o)
 .debug_frame   0x000004d4       0x20 c:/freescale/kds_v3/toolchain/bin/../lib/gcc/arm-none-eabi/4.8.4/../../../../arm-none-eabi/lib/armv6-m\libg_s.a(lib_a-memset.o)
 .debug_frame   0x000004f4       0x20 c:/freescale/kds_v3/toolchain/bin/../lib/gcc/arm-none-eabi/4.8.4/../../../../arm-none-eabi/lib/armv6-m\libnosys.a(_exit.o)
